[27110:0x39f3410]      108 ms: Scavenge 3.5 (6.4) -> 3.2 (7.4) MB, 1.8 / 0.0 ms  allocation failure 
[27110:0x39f3410]      123 ms: Scavenge 3.7 (7.9) -> 3.6 (8.9) MB, 0.8 / 0.0 ms  allocation failure 
[27110:0x39f3410]      136 ms: Scavenge 4.7 (8.9) -> 4.6 (10.9) MB, 0.6 / 0.0 ms  allocation failure 
[27110:0x39f3410]      138 ms: Scavenge 5.9 (10.9) -> 5.8 (11.9) MB, 1.3 / 0.0 ms  allocation failure 
[27110:0x39f3410]      139 ms: Scavenge 6.5 (11.9) -> 6.5 (16.9) MB, 1.4 / 0.0 ms  allocation failure 
[27110:0x39f3410]      143 ms: Scavenge 9.7 (16.9) -> 9.7 (17.9) MB, 2.1 / 0.0 ms  allocation failure 
[27110:0x39f3410]      149 ms: Scavenge 10.4 (17.9) -> 10.3 (28.9) MB, 6.0 / 0.0 ms  allocation failure 
[27110:0x39f3410]      157 ms: Scavenge 17.4 (28.9) -> 17.3 (29.4) MB, 4.1 / 0.0 ms  allocation failure 
[27110:0x39f3410]      171 ms: Scavenge 18.0 (29.4) -> 17.8 (52.4) MB, 13.2 / 0.0 ms  allocation failure 
[27110:0x39f3410]      192 ms: Scavenge 32.8 (52.4) -> 32.9 (52.9) MB, 16.3 / 0.0 ms  allocation failure 
[27110:0x39f3410]      204 ms: Scavenge 33.5 (52.9) -> 32.8 (67.9) MB, 11.8 / 0.0 ms  allocation failure 
[27110:0x39f3410]      224 ms: Scavenge 48.5 (68.4) -> 49.2 (68.9) MB, 16.9 / 0.0 ms  allocation failure 
[27110:0x39f3410]      237 ms: Scavenge 49.3 (68.9) -> 48.5 (84.4) MB, 12.2 / 0.0 ms  allocation failure 
[27110:0x39f3410]      253 ms: Scavenge 64.3 (84.4) -> 65.0 (84.9) MB, 11.4 / 0.0 ms  allocation failure 
[27110:0x39f3410]      266 ms: Scavenge 65.0 (84.9) -> 64.3 (100.4) MB, 12.6 / 0.0 ms  allocation failure 
[27110:0x39f3410]      278 ms: Scavenge 80.9 (101.3) -> 81.6 (101.8) MB, 8.3 / 0.0 ms  allocation failure 
[27110:0x39f3410]      290 ms: Scavenge 81.6 (101.8) -> 80.9 (117.3) MB, 11.9 / 0.0 ms  allocation failure 
[27110:0x39f3410]      305 ms: Scavenge 96.6 (117.3) -> 97.3 (117.8) MB, 10.9 / 0.0 ms  allocation failure 
[27110:0x39f3410]      319 ms: Scavenge 97.3 (117.8) -> 96.6 (133.3) MB, 14.3 / 0.0 ms  allocation failure 
[27110:0x39f3410]      333 ms: Scavenge 113.6 (134.6) -> 114.4 (135.1) MB, 10.3 / 0.0 ms  allocation failure 
[27110:0x39f3410]      344 ms: Scavenge 114.4 (135.1) -> 113.7 (150.6) MB, 10.6 / 0.0 ms  allocation failure 
[27110:0x39f3410]      357 ms: Scavenge 129.4 (150.6) -> 130.1 (151.1) MB, 8.1 / 0.0 ms  allocation failure 
[27110:0x39f3410]      371 ms: Scavenge 130.1 (151.1) -> 129.4 (166.6) MB, 13.9 / 0.0 ms  allocation failure 
[27110:0x39f3410]      386 ms: Scavenge 145.1 (166.6) -> 145.8 (167.1) MB, 12.0 / 0.0 ms  allocation failure 
[27110:0x39f3410]      402 ms: Scavenge 145.8 (167.1) -> 145.1 (182.6) MB, 16.2 / 0.0 ms  allocation failure 
[27110:0x39f3410]      448 ms: Scavenge 162.8 (184.6) -> 163.5 (185.6) MB, 10.0 / 0.0 ms  allocation failure 
[27110:0x39f3410]      465 ms: Scavenge 163.5 (185.6) -> 162.8 (200.6) MB, 16.7 / 0.0 ms  allocation failure 
[27110:0x39f3410]      533 ms: Mark-sweep 177.4 (200.6) -> 175.2 (199.1) MB, 3.5 / 0.0 ms  (+ 93.4 ms in 482 steps since start of marking, biggest step 4.6 ms, walltime since start of marking 162 ms) finalize incremental marking via stack guard GC in old space requested
[27110:0x39f3410]      553 ms: Scavenge 176.3 (199.1) -> 176.4 (213.6) MB, 18.9 / 0.0 ms  allocation failure 
[27110:0x39f3410]      569 ms: Scavenge 190.9 (213.6) -> 191.6 (215.1) MB, 10.7 / 0.0 ms  allocation failure 
[27110:0x39f3410]      586 ms: Scavenge 192.0 (215.1) -> 191.3 (230.1) MB, 17.3 / 0.0 ms  allocation failure 
[27110:0x39f3410]      609 ms: Scavenge 206.6 (230.1) -> 207.3 (231.1) MB, 18.2 / 0.0 ms  allocation failure 
[27110:0x39f3410]      621 ms: Scavenge 207.3 (231.1) -> 206.6 (246.6) MB, 12.3 / 0.0 ms  allocation failure 
[27110:0x39f3410]      642 ms: Scavenge 225.2 (249.6) -> 226.0 (250.6) MB, 14.0 / 0.0 ms  allocation failure 
[27110:0x39f3410]      654 ms: Scavenge 226.0 (250.6) -> 225.3 (266.1) MB, 12.4 / 0.0 ms  allocation failure 
[27110:0x39f3410]      669 ms: Scavenge 241.0 (266.1) -> 241.7 (267.1) MB, 12.1 / 0.0 ms  allocation failure 
[27110:0x39f3410]      687 ms: Scavenge 241.7 (267.1) -> 241.0 (282.6) MB, 17.7 / 0.0 ms  allocation failure 
[27110:0x39f3410]      704 ms: Scavenge 256.7 (282.6) -> 257.4 (283.6) MB, 14.0 / 0.0 ms  allocation failure 
[27110:0x39f3410]      717 ms: Scavenge 257.4 (283.6) -> 256.7 (299.1) MB, 12.6 / 0.0 ms  allocation failure 
[27110:0x39f3410]      731 ms: Scavenge 272.4 (299.1) -> 273.2 (300.1) MB, 10.4 / 0.0 ms  allocation failure 
[27110:0x39f3410]      746 ms: Scavenge 273.2 (300.1) -> 272.5 (315.6) MB, 15.5 / 0.0 ms  allocation failure 
[27110:0x39f3410]      758 ms: Scavenge 288.2 (315.6) -> 288.9 (316.6) MB, 8.5 / 0.0 ms  allocation failure 
[27110:0x39f3410]      772 ms: Scavenge 288.9 (316.6) -> 288.2 (332.1) MB, 14.0 / 0.0 ms  allocation failure 
[27110:0x39f3410]      785 ms: Scavenge 303.9 (332.1) -> 304.6 (333.1) MB, 10.2 / 0.0 ms  allocation failure 
[27110:0x39f3410]      800 ms: Scavenge 304.7 (333.1) -> 303.9 (348.6) MB, 14.3 / 0.0 ms  allocation failure 
[27110:0x39f3410]      813 ms: Scavenge 319.6 (348.6) -> 320.4 (349.6) MB, 9.6 / 0.0 ms  allocation failure 
[27110:0x39f3410]      825 ms: Scavenge 320.4 (349.6) -> 319.7 (365.1) MB, 12.6 / 0.0 ms  allocation failure 
[27110:0x39f3410]      941 ms: Scavenge 339.8 (369.5) -> 340.5 (369.5) MB, 8.5 / 0.0 ms  allocation failure 
[27110:0x39f3410]      956 ms: Scavenge 340.5 (369.5) -> 339.8 (382.0) MB, 15.5 / 0.0 ms  allocation failure 
[27110:0x39f3410]     1056 ms: Mark-sweep 346.1 (382.0) -> 342.9 (377.2) MB, 2.3 / 0.0 ms  (+ 195.6 ms in 350 steps since start of marking, biggest step 8.9 ms, walltime since start of marking 256 ms) finalize incremental marking via stack guard GC in old space requested
[27110:0x39f3410]     1080 ms: Scavenge 352.3 (377.2) -> 352.6 (383.7) MB, 21.1 / 0.0 ms  allocation failure 
[27110:0x39f3410]     1092 ms: Scavenge 358.5 (383.7) -> 358.4 (393.7) MB, 9.7 / 0.0 ms  allocation failure 
[27110:0x39f3410]     1107 ms: Scavenge 367.9 (393.7) -> 368.1 (400.2) MB, 10.9 / 0.0 ms  allocation failure 
[27110:0x39f3410]     1122 ms: Scavenge 373.8 (400.2) -> 373.6 (410.2) MB, 13.9 / 0.0 ms  allocation failure 
[27110:0x39f3410]     1136 ms: Scavenge 383.3 (410.2) -> 383.5 (416.2) MB, 11.5 / 0.0 ms  allocation failure 
[27110:0x39f3410]     1149 ms: Scavenge 389.1 (416.2) -> 388.9 (426.2) MB, 11.7 / 0.0 ms  allocation failure 
[27110:0x39f3410]     1160 ms: Scavenge 398.8 (426.2) -> 399.0 (432.2) MB, 9.0 / 0.0 ms  allocation failure 
[27110:0x39f3410]     1175 ms: Scavenge 404.4 (432.2) -> 404.1 (442.7) MB, 12.2 / 0.0 ms  allocation failure 
[27110:0x39f3410]     1190 ms: Scavenge 414.3 (442.7) -> 414.5 (448.2) MB, 9.1 / 0.0 ms  allocation failure 
[27110:0x39f3410]     1206 ms: Scavenge 419.6 (448.2) -> 419.4 (458.7) MB, 15.1 / 0.0 ms  allocation failure 
[27110:0x39f3410]     1218 ms: Scavenge 429.8 (458.7) -> 430.0 (464.2) MB, 9.0 / 0.0 ms  allocation failure 
[27110:0x39f3410]     1230 ms: Scavenge 434.9 (464.2) -> 434.6 (475.2) MB, 10.9 / 0.0 ms  allocation failure 
[27110:0x39f3410]     1243 ms: Scavenge 445.3 (475.2) -> 445.5 (480.2) MB, 9.2 / 0.0 ms  allocation failure 
[27110:0x39f3410]     1257 ms: Scavenge 450.1 (480.2) -> 449.8 (491.2) MB, 13.3 / 0.0 ms  allocation failure 
[27110:0x39f3410]     1272 ms: Scavenge 460.8 (491.2) -> 461.1 (496.2) MB, 10.5 / 0.0 ms  allocation failure 
[27110:0x39f3410]     1285 ms: Scavenge 465.3 (496.2) -> 465.0 (507.7) MB, 12.2 / 0.0 ms  allocation failure 
[27110:0x39f3410]     1297 ms: Scavenge 476.3 (507.7) -> 476.7 (512.2) MB, 9.9 / 0.0 ms  allocation failure 
[27110:0x39f3410]     1309 ms: Scavenge 480.5 (512.2) -> 480.1 (524.2) MB, 10.2 / 0.0 ms  allocation failure 
[27110:0x39f3410]     1331 ms: Scavenge 498.5 (530.9) -> 498.8 (534.9) MB, 12.4 / 0.0 ms  allocation failure 
[27110:0x39f3410]     1342 ms: Scavenge 502.3 (534.9) -> 501.9 (546.9) MB, 10.6 / 0.0 ms  allocation failure 
[27110:0x39f3410]     1358 ms: Scavenge 514.0 (546.9) -> 514.4 (550.9) MB, 11.8 / 0.0 ms  allocation failure 
[27110:0x39f3410]     1371 ms: Scavenge 517.5 (550.9) -> 517.0 (563.4) MB, 12.3 / 0.0 ms  allocation failure 
[27110:0x39f3410]     1386 ms: Scavenge 529.6 (563.4) -> 530.1 (566.9) MB, 12.4 / 0.0 ms  allocation failure 
[27110:0x39f3410]     1399 ms: Scavenge 532.6 (566.9) -> 532.2 (579.9) MB, 12.3 / 0.0 ms  allocation failure 
[27110:0x39f3410]     1416 ms: Scavenge 545.2 (579.9) -> 545.7 (582.9) MB, 14.4 / 0.0 ms  allocation failure 
[27110:0x39f3410]     1427 ms: Scavenge 547.8 (582.9) -> 547.2 (596.4) MB, 10.6 / 0.0 ms  allocation failure 
[27110:0x39f3410]     1441 ms: Scavenge 560.8 (596.4) -> 561.4 (598.9) MB, 8.8 / 0.0 ms  allocation failure 
[27110:0x39f3410]     1454 ms: Scavenge 562.9 (598.9) -> 562.3 (612.9) MB, 12.6 / 0.0 ms  allocation failure 
[27110:0x39f3410]     1467 ms: Scavenge 576.4 (612.9) -> 577.1 (614.9) MB, 10.6 / 0.0 ms  allocation failure 
[27110:0x39f3410]     1483 ms: Scavenge 578.0 (614.9) -> 577.3 (629.4) MB, 15.5 / 0.0 ms  allocation failure 
[27110:0x39f3410]     1496 ms: Scavenge 592.1 (629.4) -> 592.8 (630.4) MB, 10.0 / 0.1 ms  allocation failure 
[27110:0x39f3410]     1507 ms: Scavenge 593.0 (630.4) -> 592.3 (645.9) MB, 11.2 / 0.0 ms  allocation failure 
[27110:0x39f3410]     1521 ms: Scavenge 607.8 (645.9) -> 608.5 (646.9) MB, 10.2 / 0.0 ms  allocation failure 
[27110:0x39f3410]     1535 ms: Scavenge 608.6 (646.9) -> 607.8 (662.4) MB, 14.0 / 0.0 ms  allocation failure 
[27110:0x39f3410]     1551 ms: Scavenge 623.6 (662.4) -> 624.3 (663.4) MB, 12.3 / 0.0 ms  allocation failure 
[27110:0x39f3410]     1566 ms: Scavenge 624.3 (663.4) -> 623.6 (678.9) MB, 14.7 / 0.0 ms  allocation failure 
[27110:0x39f3410]     1893 ms: Scavenge 639.3 (678.9) -> 640.0 (678.9) MB, 8.9 / 0.0 ms  allocation failure 
[27110:0x39f3410]     1908 ms: Scavenge 640.0 (678.9) -> 639.3 (691.9) MB, 14.2 / 0.0 ms  allocation failure 
[27110:0x39f3410]     1950 ms: Mark-sweep 640.3 (691.9) -> 632.9 (678.5) MB, 2.9 / 0.0 ms  (+ 354.1 ms in 265 steps since start of marking, biggest step 5.6 ms, walltime since start of marking 415 ms) finalize incremental marking via stack guard GC in old space requested
[27110:0x39f3410]     1986 ms: Scavenge 647.7 (678.5) -> 648.4 (679.5) MB, 28.9 / 0.0 ms  allocation failure 
[27110:0x39f3410]     2004 ms: Scavenge 648.6 (679.5) -> 647.9 (695.0) MB, 17.0 / 0.0 ms  allocation failure 
[27110:0x39f3410]     2018 ms: Scavenge 663.4 (695.0) -> 664.1 (696.0) MB, 10.3 / 0.0 ms  allocation failure 
[27110:0x39f3410]     2036 ms: Scavenge 664.1 (696.0) -> 663.4 (711.5) MB, 18.3 / 0.0 ms  allocation failure 
[27110:0x39f3410]     2051 ms: Scavenge 679.1 (711.5) -> 679.9 (712.5) MB, 11.6 / 0.0 ms  allocation failure 
[27110:0x39f3410]     2063 ms: Scavenge 679.9 (712.5) -> 679.2 (728.0) MB, 11.8 / 0.0 ms  allocation failure 
[27110:0x39f3410]     2081 ms: Scavenge 694.9 (728.0) -> 695.6 (729.0) MB, 13.6 / 0.0 ms  allocation failure 
[27110:0x39f3410]     2099 ms: Scavenge 695.6 (729.0) -> 694.9 (744.5) MB, 17.4 / 0.0 ms  allocation failure 
[27110:0x39f3410]     2111 ms: Scavenge 710.6 (744.5) -> 711.3 (745.5) MB, 8.9 / 0.0 ms  allocation failure 
[27110:0x39f3410]     2124 ms: Scavenge 711.3 (745.5) -> 710.6 (761.0) MB, 13.0 / 0.0 ms  allocation failure 
[27110:0x39f3410]     2144 ms: Scavenge 736.3 (771.0) -> 737.0 (772.0) MB, 8.9 / 0.0 ms  allocation failure 
[27110:0x39f3410]     2160 ms: Scavenge 737.0 (772.0) -> 736.3 (787.5) MB, 14.4 / 0.0 ms  allocation failure 
[27110:0x39f3410]     2175 ms: Scavenge 752.0 (787.5) -> 752.7 (788.5) MB, 9.0 / 0.0 ms  allocation failure 
[27110:0x39f3410]     2190 ms: Scavenge 752.8 (788.5) -> 752.0 (804.0) MB, 15.0 / 0.0 ms  allocation failure 
[27110:0x39f3410]     2203 ms: Scavenge 767.8 (804.0) -> 768.5 (805.0) MB, 10.2 / 0.0 ms  allocation failure 
[27110:0x39f3410]     2220 ms: Scavenge 768.5 (805.0) -> 767.8 (820.5) MB, 16.3 / 0.0 ms  allocation failure 
[27110:0x39f3410]     2234 ms: Scavenge 783.5 (820.5) -> 784.2 (821.5) MB, 11.0 / 0.0 ms  allocation failure 
[27110:0x39f3410]     2246 ms: Scavenge 784.2 (821.5) -> 783.5 (837.0) MB, 11.4 / 0.0 ms  allocation failure 
[27110:0x39f3410]     2260 ms: Scavenge 799.2 (837.0) -> 799.9 (838.0) MB, 9.4 / 0.0 ms  allocation failure 
[27110:0x39f3410]     2275 ms: Scavenge 800.0 (838.0) -> 799.2 (853.5) MB, 14.5 / 0.0 ms  allocation failure 
[27110:0x39f3410]     2291 ms: Scavenge 815.0 (853.5) -> 815.7 (854.5) MB, 9.1 / 0.0 ms  allocation failure 
[27110:0x39f3410]     2304 ms: Scavenge 815.7 (854.5) -> 815.0 (870.0) MB, 13.3 / 0.0 ms  allocation failure 
